<UILayoutContainerView; frame = (0 0; 375 768); clipsToBounds = YES; autoresize = W+H; gestureRecognizers = <NSArray>; layer = <CALayer>>
   | <UINavigationTransitionView; frame = (0 0; 375 768); clipsToBounds = YES; autoresize = W+H; layer = <CALayer>>
   |    | <UIViewControllerWrapperView; frame = (0 0; 375 768); autoresize = W+H; layer = <CALayer>>
   |    |    | <UIView; frame = (0 0; 375 768); autoresize = W+H; layer = <CALayer>>
   |    |    |    | <UIStackView; frame = (8 112; 375 82); layer = <CALayer>>
   |    |    |    |    | <UILabel; frame = (0 0; 163 20.5); text = 'Name: Celular iphone'; userInteractionEnabled = NO; layer = <_UILabelLayer>>
   |    |    |    |    | <UILabel; frame = (0 20.5; 241.5 20.5); text = 'Domain ID: MCO-CELLPHONES'; userInteractionEnabled = NO; layer = <_UILabelLayer>>
   |    |    |    |    | <UILabel; frame = (0 41; 145.5 20.5); text = 'Category: MCO123'; userInteractionEnabled = NO; layer = <_UILabelLayer>>
   |    |    |    |    | <UILabel; frame = (0 61.5; 212 20.5); text = 'Accepts MercadoPago: true'; userInteractionEnabled = NO; layer = <_UILabelLayer>>
   | <UINavigationBar; frame = (0 48; 375 44); opaque = NO; autoresize = W; layer = <CALayer>>
   |    | <_UIBarBackground; frame = (0 -48; 375 92); userInteractionEnabled = NO; layer = <CALayer>>
   |    |    | <UIVisualEffectView; frame = (0 0; 375 92); layer = <CALayer>> effect=none
   |    |    |    | <_UIVisualEffectBackdropView; frame = (0 0; 375 92); autoresize = W+H; userInteractionEnabled = NO; layer = <UICABackdropLayer>>
   |    |    | <_UIBarBackgroundShadowView; frame = (0 92; 375 0.5); layer = <CALayer>> clientRequestedContentView effect=none
   |    |    |    | <_UIBarBackgroundShadowContentImageView; frame = (0 0; 375 0.5); autoresize = W+H; userInteractionEnabled = NO; layer = <CALayer>>
   |    | <_UINavigationBarContentView; frame = (0 0; 375 44); layer = <CALayer>> layout=
   |    |    | <_UIButtonBarButton; frame = (0 0; 67 44); tintColor = <UIDynamicSystemColor; name = systemBlueColor>; gestureRecognizers = <NSArray>; layer = <CALayer>>
   |    |    |    | <_UIModernBarButton; frame = (29 11; 38 21.5); opaque = NO; userInteractionEnabled = NO; layer = <CALayer>>
   |    |    |    |    | <UIButtonLabel; frame = (-1.5 1; 38 20.5); text = 'Back'; opaque = NO; userInteractionEnabled = NO; layer = <_UILabelLayer>>
   |    |    |    | <_UIBackButtonMaskView; frame = (0 12; 67 20); hidden = YES; userInteractionEnabled = NO; layer = <CALayer>>
   |    |    |    |    | <UIImageView; frame = (8 -4; 19.5 28); opaque = NO; userInteractionEnabled = NO; tintColor = UIExtendedGrayColorSpace 1 1; layer = <CALayer>>
   |    |    |    |    | <UIView; frame = (23 0; 44 20); layer = <CALayer>>
   |    |    |    | <_UIModernBarButton; frame = (8 11.5; 15 21); opaque = NO; userInteractionEnabled = NO; layer = <CALayer>>
   |    |    |    |    | <UIImageView; frame = (0 0; 15 21); clipsToBounds = YES; opaque = NO; userInteractionEnabled = NO; layer = <CALayer>>
   |    |    | <UILabel; frame = (164.5 12; 46 20.5); text = 'Detail'; userInteractionEnabled = NO; layer = <_UILabelLayer>>
   |    | <UIView; frame = (0 0; 0 0); userInteractionEnabled = NO; layer = <CALayer>>